node.exe :  Vitest  
"deps.inline" is 
deprecated. If you rely on 
vite-node directly, use 
"server.deps.inline" 
instead. Otherwise, 
consider using 
"deps.optimizer.ssr.include"
At C:\Program 
Files\nodejs\npx.ps1:29 
char:3
+   & $NODE_EXE $NPX_CLI_JS 
$args
+   ~~~~~~~~~~~~~~~~~~~~~~~~
~~~~~
    + CategoryInfo          
    : NotSpecified: ( Vite  
  st  "deps....er.ssr.inc   
 lude":String) [], Remot    
eException
    + FullyQualifiedErrorId 
    : NativeCommandError
 

 RUN  v3.2.4 C:/Users/shuga/1kittroot/1code/collaborative-canvas

stdout | src/lib/time/__tests__/ChronologyEngine.test.ts > ChronologyEngine > executeGenesis > should register all months with correct metadata
[ChronologyEngine] Executing world genesis for calendar: cal_test_123

stdout | src/lib/time/__tests__/ChronologyEngine.test.ts > ChronologyEngine > executeGenesis > should register all months with correct metadata
[ChronologyEngine] Genesis complete: {
  calendarId: [32m'cal_test_123'[39m,
  monthsRegistered: [33m3[39m,
  weekdaysRegistered: [33m3[39m,
  erasRegistered: [33m1[39m,
  sequenceEdges: [33m6[39m
}

stdout | src/lib/time/__tests__/ChronologyEngine.test.ts > ChronologyEngine > executeGenesis > should register weekdays with correct indices
[ChronologyEngine] Executing world genesis for calendar: cal_test_123

stdout | src/lib/time/__tests__/ChronologyEngine.test.ts > ChronologyEngine > executeGenesis > should register weekdays with correct indices
[ChronologyEngine] Genesis complete: {
  calendarId: [32m'cal_test_123'[39m,
  monthsRegistered: [33m3[39m,
  weekdaysRegistered: [33m3[39m,
  erasRegistered: [33m1[39m,
  sequenceEdges: [33m6[39m
}

stdout | src/lib/time/__tests__/ChronologyEngine.test.ts > ChronologyEngine > executeGenesis > should register eras with direction metadata
[ChronologyEngine] Executing world genesis for calendar: cal_test_123

stdout | src/lib/time/__tests__/ChronologyEngine.test.ts > ChronologyEngine > executeGenesis > should register eras with direction metadata
[ChronologyEngine] Genesis complete: {
  calendarId: [32m'cal_test_123'[39m,
  monthsRegistered: [33m3[39m,
  weekdaysRegistered: [33m3[39m,
  erasRegistered: [33m1[39m,
  sequenceEdges: [33m6[39m
}

stdout | src/lib/time/__tests__/ChronologyEngine.test.ts > ChronologyEngine > executeGenesis > should create circular sequence edges for months
[ChronologyEngine] Executing world genesis for calendar: cal_test_123

stdout | src/lib/time/__tests__/ChronologyEngine.test.ts > ChronologyEngine > executeGenesis > should create circular sequence edges for months
[ChronologyEngine] Genesis complete: {
  calendarId: [32m'cal_test_123'[39m,
  monthsRegistered: [33m3[39m,
  weekdaysRegistered: [33m3[39m,
  erasRegistered: [33m1[39m,
  sequenceEdges: [33m6[39m
}

stdout | src/lib/time/__tests__/ChronologyEngine.test.ts > ChronologyEngine > executeGenesis > should skip genesis when CozoDB is not ready
[ChronologyEngine] Executing world genesis for calendar: cal_test_123

stderr | src/lib/time/__test
s__/ChronologyEngine.test.ts
 > ChronologyEngine > 
executeGenesis > should 
skip genesis when CozoDB is 
not ready
[ChronologyEngine] CozoDB 
not ready, skipping genesis

stdout | src/lib/time/__tests__/ChronologyEngine.test.ts > ChronologyEngine > executeGenesis > should handle custom eras with multiple entries
[ChronologyEngine] Executing world genesis for calendar: cal_test_123

stdout | src/lib/time/__tests__/ChronologyEngine.test.ts > ChronologyEngine > executeGenesis > should handle custom eras with multiple entries
[ChronologyEngine] Genesis complete: {
  calendarId: [32m'cal_test_123'[39m,
  monthsRegistered: [33m3[39m,
  weekdaysRegistered: [33m3[39m,
  erasRegistered: [33m2[39m,
  sequenceEdges: [33m6[39m
}

stdout | src/lib/time/__tests__/ChronologyEngine.test.ts > ChronologyEngine > executeGenesis > should preserve days_in_unit metadata for validation
[ChronologyEngine] Executing world genesis for calendar: cal_test_123

stdout | src/lib/time/__tests__/ChronologyEngine.test.ts > ChronologyEngine > executeGenesis > should preserve days_in_unit metadata for validation
[ChronologyEngine] Genesis complete: {
  calendarId: [32m'cal_test_123'[39m,
  monthsRegistered: [33m3[39m,
  weekdaysRegistered: [33m3[39m,
  erasRegistered: [33m1[39m,
  sequenceEdges: [33m6[39m
}

stdout | src/lib/time/__tests__/ChronologyEngine.test.ts > ChronologyEngine > clearCalendarTimeUnits > should delete sequences before time units
[ChronologyEngine] Cleared time units for calendar: cal_test_123

stderr | src/lib/time/__test
s__/ChronologyEngine.test.ts
 > ChronologyEngine > 
clearCalendarTimeUnits > 
should skip when CozoDB is 
not ready
[ChronologyEngine] CozoDB 
not ready, skipping clear

 Γ¥» src/lib/time/__tests__/ChronologyEngine.test.ts (11 tests | 1 failed) 20ms
   Γ£ô ChronologyEngine > executeGenesis > should register all months with correct metadata 5ms
   Γ£ô ChronologyEngine > executeGenesis > should register weekdays with correct indices 1ms
   Γ£ô ChronologyEngine > executeGenesis > should register eras with direction metadata 1ms
   Γ£ô ChronologyEngine > executeGenesis > should create circular sequence edges for months 1ms
   Γ£ô ChronologyEngine > executeGenesis > should skip genesis when CozoDB is not ready 1ms
   Γ£ô ChronologyEngine > executeGenesis > should handle custom eras with multiple entries 1ms
   Γ£ô ChronologyEngine > executeGenesis > should preserve days_in_unit metadata for validation 1ms
   ├ù ChronologyEngine > clearCalendarTimeUnits > should delete sequences before time units 6ms
     ΓåÆ expected 0 to be less than 0
   Γ£ô ChronologyEngine > clearCalendarTimeUnits > should skip when CozoDB is not ready 1ms
   Γ£ô ChronologyEngine > getCalendarTimeUnits > should return empty array when CozoDB is not ready 1ms
   Γ£ô ChronologyEngine > getCalendarTimeUnits > should parse rows into TimeUnitRow objects 0ms

ΓÄ»ΓÄ»ΓÄ»ΓÄ»ΓÄ»ΓÄ»ΓÄ» 
Failed Tests 1 
ΓÄ»ΓÄ»ΓÄ»ΓÄ»ΓÄ»ΓÄ»ΓÄ»

 FAIL  src/lib/time/__tests_
_/ChronologyEngine.test.ts 
> ChronologyEngine > 
clearCalendarTimeUnits > 
should delete sequences 
before time units
AssertionError: expected 0 
to be less than 0
 Γ¥» src/lib/time/__tests__/
ChronologyEngine.test.ts:164
:36
    162|             );
    163| 
    164|             expect(
sequenceDelete).toBeLessThan
(unitDelete);
       |                    
                ^
    165|         });
    166| 

ΓÄ»ΓÄ»ΓÄ»ΓÄ»ΓÄ»ΓÄ»ΓÄ»ΓÄ»ΓÄ»Γ
Ä»ΓÄ»ΓÄ»ΓÄ»ΓÄ»ΓÄ»ΓÄ»ΓÄ»ΓÄ»ΓÄ
»ΓÄ»ΓÄ»ΓÄ»ΓÄ»ΓÄ»[1/1]ΓÄ»


 Test Files  1 failed (1)
      Tests  1 failed | 10 passed (11)
   Start at  02:30:46
   Duration  933ms (transform 76ms, setup 25ms, collect 90ms, tests 20ms, environment 0ms, prepare 305ms)

