node.exe : [33m[7m[33m Vitest [33m[27m 
"deps.inline" is deprecated. If you rely on 
vite-node directly, use "server.deps.inline" 
instead. Otherwise, consider using 
"deps.optimizer.ssr.include"[39m
At C:\Program Files\nodejs\npx.ps1:29 char:3
+   & $NODE_EXE $NPX_CLI_JS $args
+   ~~~~~~~~~~~~~~~~~~~~~~~~~~~~~
    + CategoryInfo          : NotSpecified: ([33m[ 
   7m[33m ...r.include"[39m:String) [], RemoteExc  
  eption
    + FullyQualifiedErrorId : NativeCommandError
 

[1m[46m RUN [49m[22m [36mv3.2.4 [39m[90mC:/Users/shuga/1kittroot/1code/collaborative-canvas[39m

[90mstdout[2m | src/lib/entities/scanner-v3/__tests__/ExtractorEquivalence.test.ts[2m > [22m[2mExtractor Equivalence[2m > [22m[2mPerformance[2m > [22m[2mAhoCorasick is faster on large documents
[22m[39mRegex: 15.06ms, A-C: 19.29ms, Speedup: 0.8x

 [31mΓ¥»[39m src/lib/entities/scanner-v3/__tests__/ExtractorEquivalence.test.ts [2m([22m[2m42 tests[22m[2m | [22m[31m1 failed[39m[2m)[22m[32m 83[2mms[22m[39m
   [32mΓ£ô[39m Extractor Equivalence[2m > [22mEntity patterns[2m > [22mproduces identical entity output for: "[CHARACTER|Jon Snow]..."[32m 6[2mms[22m[39m
   [32mΓ£ô[39m Extractor Equivalence[2m > [22mEntity patterns[2m > [22mproduces identical entity output for: "[LOCATION|Winterfell]..."[32m 1[2mms[22m[39m
   [32mΓ£ô[39m Extractor Equivalence[2m > [22mEntity patterns[2m > [22mproduces identical entity output for: "[LOCATION:CITY|Winterfell]..."[32m 0[2mms[22m[39m
[31m   [31m├ù[31m Extractor Equivalence[2m > [22mEntity patterns[2m > [22mproduces identical entity output for: "[ITEM|Sword|{"material":"steel"}]..."[39m[32m 11[2mms[22m[39m
[31m     ΓåÆ expected { entityKind: 'ITEM', ΓÇª(2) } to deeply equal { entityKind: 'ITEM', ΓÇª(2) }[39m
   [32mΓ£ô[39m Extractor Equivalence[2m > [22mEntity patterns[2m > [22mproduces identical entity output for: "[CONCEPT|Important Idea]..."[32m 1[2mms[22m[39m
   [32mΓ£ô[39m Extractor Equivalence[2m > [22mEntity patterns[2m > [22mproduces identical entity output for: "Hello [CHARACTER|Jon] and [LOCATION|Wint..."[32m 1[2mms[22m[39m
   [32mΓ£ô[39m Extractor Equivalence[2m > [22mWikilink patterns[2m > [22mproduces identical wikilink output for: "[[Page Title]]..."[32m 0[2mms[22m[39m
   [32mΓ£ô[39m Extractor Equivalence[2m > [22mWikilink patterns[2m > [22mproduces identical wikilink output for: "[[Page Title|Display Text]]..."[32m 0[2mms[22m[39m
   [32mΓ£ô[39m Extractor Equivalence[2m > [22mWikilink patterns[2m > [22mproduces identical wikilink output for: "See [[Project Specs]] for details...."[32m 1[2mms[22m[39m
   [32mΓ£ô[39m Extractor Equivalence[2m > [22mWikilink patterns[2m > [22mproduces identical wikilink output for: "[[Note One]] and [[Note Two]]..."[32m 0[2mms[22m[39m
   [32mΓ£ô[39m Extractor Equivalence[2m > [22mTag patterns[2m > [22mproduces identical tag output for: "#important..."[32m 0[2mms[22m[39m
   [32mΓ£ô[39m Extractor Equivalence[2m > [22mTag patterns[2m > [22mproduces identical tag output for: "#urgent #todo..."[32m 0[2mms[22m[39m
   [32mΓ£ô[39m Extractor Equivalence[2m > [22mTag patterns[2m > [22mproduces identical tag output for: "This is #important and #critical..."[32m 0[2mms[22m[39m
   [32mΓ£ô[39m Extractor Equivalence[2m > [22mTag patterns[2m > [22mproduces identical tag output for: "#tag_with_underscore..."[32m 0[2mms[22m[39m
   [32mΓ£ô[39m Extractor Equivalence[2m > [22mTag patterns[2m > [22mproduces identical tag output for: "#tag123..."[32m 0[2mms[22m[39m
   [32mΓ£ô[39m Extractor Equivalence[2m > [22mMention patterns[2m > [22mproduces identical mention output for: "@alice..."[32m 0[2mms[22m[39m
   [32mΓ£ô[39m Extractor Equivalence[2m > [22mMention patterns[2m > [22mproduces identical mention output for: "@bob123..."[32m 0[2mms[22m[39m
   [32mΓ£ô[39m Extractor Equivalence[2m > [22mMention patterns[2m > [22mproduces identical mention output for: "Ping @alice and @bob..."[32m 0[2mms[22m[39m
   [32mΓ£ô[39m Extractor Equivalence[2m > [22mMention patterns[2m > [22mproduces identical mention output for: "@user_name..."[32m 0[2mms[22m[39m
   [32mΓ£ô[39m Extractor Equivalence[2m > [22mTriple patterns[2m > [22mproduces identical triple output for: "[CHARACTER|Jon] ->KNOWS-> [CHARACTER|Sam..."[32m 0[2mms[22m[39m
   [32mΓ£ô[39m Extractor Equivalence[2m > [22mTriple patterns[2m > [22mproduces identical triple output for: "[PERSON|Alice] ->LOVES-> [PERSON|Bob]..."[32m 0[2mms[22m[39m
   [32mΓ£ô[39m Extractor Equivalence[2m > [22mTriple patterns[2m > [22mproduces identical triple output for: "[ITEM|Sword] ->BELONGS_TO-> [CHARACTER|J..."[32m 0[2mms[22m[39m
   [32mΓ£ô[39m Extractor Equivalence[2m > [22mTriple patterns[2m > [22mproduces identical triple output for: "[CHARACTER|Jon->LOVES->Daenerys]..."[32m 0[2mms[22m[39m
   [32mΓ£ô[39m Extractor Equivalence[2m > [22mTriple patterns[2m > [22mproduces identical triple output for: "[PERSON|Alice->KNOWS->Bob]..."[32m 0[2mms[22m[39m
   [32mΓ£ô[39m Extractor Equivalence[2m > [22mTriple patterns[2m > [22mproduces identical triple output for: "[ITEM|Book->WRITTEN_BY->Author]..."[32m 0[2mms[22m[39m
   [32mΓ£ô[39m Extractor Equivalence[2m > [22mMixed patterns[2m > [22mproduces identical mixed output for: "[CHARACTER|Jon] and [LOCATION|Winterfell..."[32m 0[2mms[22m[39m
   [32mΓ£ô[39m Extractor Equivalence[2m > [22mMixed patterns[2m > [22mproduces identical mixed output for: "Text with #tag and @mention mixed..."[32m 0[2mms[22m[39m
   [32mΓ£ô[39m Extractor Equivalence[2m > [22mMixed patterns[2m > [22mproduces identical mixed output for: "[CHARACTER|Jon] meets [[Sam]] at #winter..."[32m 0[2mms[22m[39m
   [32mΓ£ô[39m Extractor Equivalence[2m > [22mMixed patterns[2m > [22mproduces identical mixed output for: "Hello [CHARACTER|Jon] and see [[Notes]] ..."[32m 0[2mms[22m[39m
   [32mΓ£ô[39m Extractor Equivalence[2m > [22mEdge cases[2m > [22mhandles edge case: "(empty)"[32m 0[2mms[22m[39m
   [32mΓ£ô[39m Extractor Equivalence[2m > [22mEdge cases[2m > [22mhandles edge case: "No patterns here"[32m 0[2mms[22m[39m
   [32mΓ£ô[39m Extractor Equivalence[2m > [22mEdge cases[2m > [22mhandles edge case: "Just some regular text without any speci"[32m 0[2mms[22m[39m
   [32mΓ£ô[39m Extractor Equivalence[2m > [22mEdge cases[2m > [22mhandles edge case: "[ not valid"[32m 0[2mms[22m[39m
   [32mΓ£ô[39m Extractor Equivalence[2m > [22mEdge cases[2m > [22mhandles edge case: "[| also not valid]"[32m 0[2mms[22m[39m
   [32mΓ£ô[39m Extractor Equivalence[2m > [22mEdge cases[2m > [22mhandles edge case: "[ INVALID|no close"[32m 0[2mms[22m[39m
   [32mΓ£ô[39m Extractor Equivalence[2m > [22mUnicode patterns[2m > [22mhandles unicode: "[CHARACTER|µùÑµ£¼Φ¬₧σÉìσëì]..."[32m 1[2mms[22m[39m
   [32mΓ£ô[39m Extractor Equivalence[2m > [22mUnicode patterns[2m > [22mhandles unicode: "[LOCATION|╨£╨╛╤ü╨║╨▓╨░]..."[32m 0[2mms[22m[39m
   [32mΓ£ô[39m Extractor Equivalence[2m > [22mUnicode patterns[2m > [22mhandles unicode: "[[╨ö╨╛╨║╤â╨╝╨╡╨╜╤é╨░╤å╨╕╤Å]]..."[32m 0[2mms[22m[39m
   [32mΓ£ô[39m Extractor Equivalence[2m > [22mUnicode patterns[2m > [22mhandles unicode: "#╤é╨╡╨│..."[32m 0[2mms[22m[39m
   [32mΓ£ô[39m Extractor Equivalence[2m > [22mUnicode patterns[2m > [22mhandles unicode: "@╨┐╨╛╨╗╤î╨╖╨╛╨▓╨░╤é╨╡╨╗╤î..."[32m 0[2mms[22m[39m
   [32mΓ£ô[39m Extractor Equivalence[2m > [22mPerformance[2m > [22mhandles 10KB document identically[32m 11[2mms[22m[39m
   [32mΓ£ô[39m Extractor Equivalence[2m > [22mPerformance[2m > [22mAhoCorasick is faster on large documents[32m 39[2mms[22m[39m

[31mΓÄ»ΓÄ»ΓÄ»ΓÄ»ΓÄ»ΓÄ»ΓÄ»[39m[1m[41m Failed 
Tests 1 [49m[22m[31mΓÄ»ΓÄ»ΓÄ»ΓÄ»ΓÄ»ΓÄ»ΓÄ»[39m

[41m[1m FAIL [22m[49m src/lib/entities/scanner-v3
/__tests__/ExtractorEquivalence.test.ts[2m > 
[22mExtractor Equivalence[2m > [22mEntity 
patterns[2m > [22mproduces identical entity output 
for: "[ITEM|Sword|{"material":"steel"}]..."
[31m[1mAssertionError[22m: expected { entityKind: 
'ITEM', ΓÇª(2) } to deeply equal { entityKind: 
'ITEM', ΓÇª(2) }[39m

[32m- Expected[39m
[31m+ Received[39m

[2m  {[22m
[32m-   "attributes": {[39m
[32m-     "material": "steel",[39m
[32m-   },[39m
[31m+   "attributes": 
"{\"material\":\"steel\"}",[39m
[2m    "entityKind": "ITEM",[22m
[2m    "label": "Sword",[22m
[2m  }[22m

[36m [2mΓ¥»[22m src/lib/entities/scanner-v3/__test
s__/ExtractorEquivalence.test.ts:[2m149:51[22m[39m
    [90m147| [39m                    
expect(ahoResult[i].position).toBe(regexResult[i].ΓÇª
    [90m148| [39m                    
expect(ahoResult[i].kind).toBe(regexResult[i].kindΓÇª
    [90m149| [39m                    
expect(ahoResult[i].captures).toEqual(regexResult[ΓÇª
    [90m   | [39m                                  
                [31m^[39m
    [90m150| [39m                }
    [90m151| [39m            })[33m;[39m

[31m[2mΓÄ»ΓÄ»ΓÄ»ΓÄ»ΓÄ»ΓÄ»ΓÄ»ΓÄ»ΓÄ»ΓÄ»ΓÄ»ΓÄ»ΓÄ»ΓÄ»ΓÄ
»ΓÄ»ΓÄ»ΓÄ»ΓÄ»ΓÄ»ΓÄ»ΓÄ»ΓÄ»ΓÄ»[1/1]ΓÄ»[22m[39m


[2m Test Files [22m [1m[31m1 failed[39m[22m[90m (1)[39m
[2m      Tests [22m [1m[31m1 failed[39m[22m[2m | [22m[1m[32m41 passed[39m[22m[90m (42)[39m
[2m   Start at [22m 06:44:04
[2m   Duration [22m 1.18s[2m (transform 148ms, setup 24ms, collect 202ms, tests 83ms, environment 0ms, prepare 422ms)[22m

